   ??? Next.js 15.5.7
   - Environments: .env.local, .env

   Creating an optimized production build ...
